задание: 2.2.4
проект: 221-command-time
устройство: 2e8a:000a
серийный номер: 505431654103311C
порт: COM6
начало: 2026-10-02T00:17:08
   0.000 --> main_time_reset
   0.001 <-- main_time_reset
   0.002 <-- dbg read_line:168 got main_time_reset
   0.002 <-- max reset
   2.063 --> main_time_exec
   2.064 <-- main_time_exec
   2.065 <-- dbg read_line:168 got main_time_exec
   2.066 <-- iteration avg 2.51 us, max 491 us
   3.099 --> calc_pi
   3.100 <-- calc_pi
   3.101 <-- dbg read_line:168 got calc_pi
   7.806 <-- pi: 3.14159165
   7.807 <-- time: 4706 ms
   9.255 --> main_time_exec
   9.256 <-- main_time_exec
   9.257 <-- dbg read_line:168 got main_time_exec
   9.292 <-- iteration avg 5.62 us, max 4707163 us
  14.301 --> main_time_exec
  14.301 <-- main_time_exec
  14.304 <-- dbg read_line:168 got main_time_exec
  14.305 <-- iteration avg 2.64 us, max 4707163 us
  15.352 --> main_time_reset
  15.352 <-- main_time_reset
  15.354 <-- dbg read_line:168 got main_time_reset
  15.354 <-- max reset
  16.399 --> main_time_exec
  16.400 <-- main_time_exec
  16.415 <-- dbg read_line:168 got main_time_exec
  16.444 <-- iteration avg 2.59 us, max 246 us
итог: отправлено команд 7, принято строк 22
