задание: 2.2.2
проект: 221-command-time
устройство: 2e8a:000a
серийный номер: 505431654103311C
порт: COM6
начало: 2026-10-01T16:07:38
   0.000 --> uptime
   0.000 <-- uptime
   0.001 <-- dbg read_line:122 got uptime
   0.002 <-- uptime: 47520 ms
   0.417 --> boot_info
   0.418 <-- boot_info
   0.419 <-- dbg read_line:122 got boot_info
   0.421 <-- vector table  0x10000100
   0.422 <-- stack top     0x20042000
   0.423 <-- reset         0x100001f7
   0.425 <-- reset (even)  0x100001f6
   0.426 <-- gpio in       0xd0000004
   0.427 <-- led bit       1
   0.428 <-- gpio_get      1
   0.692 <-- tt
   0.896 --> uptime
   0.896 <-- uptime
   0.898 <-- dbg read_line:122 got uptime
   0.899 <-- uptime: 48416 ms
   1.178 <-- tt
   1.394 --> boot_info
   1.394 <-- boot_info
   1.396 <-- dbg read_line:122 got boot_info
   1.397 <-- vector table  0x10000100
   1.398 <-- stack top     0x20042000
   1.399 <-- reset         0x100001f7
   1.400 <-- reset (even)  0x100001f6
   1.401 <-- gpio in       0xd0000004
   1.402 <-- led bit       1
   1.402 <-- gpio_get      1
   1.694 <-- tt
   1.904 --> uptime
   1.904 <-- uptime
   1.906 <-- dbg read_line:122 got uptime
   1.907 <-- uptime: 49424 ms
   2.196 <-- tt
   2.420 --> boot_info
   2.421 <-- boot_info
   2.422 <-- dbg read_line:122 got boot_info
   2.422 <-- vector table  0x10000100
   2.423 <-- stack top     0x20042000
   2.423 <-- reset         0x100001f7
   2.424 <-- reset (even)  0x100001f6
   2.424 <-- gpio in       0xd0000004
   2.424 <-- led bit       1
   2.425 <-- gpio_get      1
   2.688 <-- tt
   2.898 --> uptime
   2.899 <-- uptime
   2.900 <-- dbg read_line:122 got uptime
   2.901 <-- uptime: 50418 ms
   3.185 <-- tt
   3.386 --> boot_info
   3.387 <-- boot_info
   3.388 <-- dbg read_line:122 got boot_info
   3.389 <-- vector table  0x10000100
   3.391 <-- stack top     0x20042000
   3.392 <-- reset         0x100001f7
   3.392 <-- reset (even)  0x100001f6
   3.393 <-- gpio in       0xd0000004
   3.394 <-- led bit       1
   3.394 <-- gpio_get      1
   3.681 <-- tt
итог: отправлено команд 8, принято строк 55
