задание: 2.1.3
проект: 211-command-usb
устройство: 2e8a:000a
серийный номер: 505431654103311C
порт: COM6
начало: 2026-09-27T02:45:56
   0.001 --> mem_info
   0.167 <-- mem_info
   0.175 <-- dbg read_line:111 got mem_info
   0.181 <-- area       start    end          size
   0.184 <-- flash      0x10000000 0x10200000  2097152
   0.186 <-- sram       0x20000000 0x20042000   270336
   0.188 <-- rom        0x00000000 0x00004000    16384
   0.189 <-- image      0x10000000 0x10008494    33940
   0.190 <-- free       0x10008494 0x10200000  2063212
   0.192 <-- boot2      0x10000000 0x10000100      256
   0.194 <-- text       0x10000100 0x10007524    29732
   0.196 <-- data flash 0x10007524 0x10008494     3952
   0.197 <-- data ram   0x200000c0 0x20001030     3952
   0.199 <-- bss        0x20001030 0x20001c6c     3132
   0.202 <-- heap       0x20001c6c 0x20040000   254868
   0.203 <-- stack      0x20041800 0x20042000     2048
   0.204 <-- total
   0.206 <-- flash image      33940 = boot2 256 + text 29732 + data 3952
   0.207 <-- flash free     2063212 of 2097152
   0.208 <-- ram used          7084 = data 3952 + bss 3132
   0.210 <-- ram free        254868 for heep and 2048 for stack
итог: отправлено команд 1, принято строк 20
